Copyright 1986-2022 Xilinx, Inc. All Rights Reserved.
-------------------------------------------------------------------------------------------------
| Tool Version : Vivado v.2022.2 (lin64) Build 3671981 Fri Oct 14 04:59:54 MDT 2022
| Date         : Mon Aug 10 17:00:46 2026
| Host         : kalman running 64-bit Ubuntu 24.04 LTS
| Command      : report_timing_summary -delay_type max -max_paths 5 -file /tmp/canary_timing.rpt
| Design       : tandem_agc_canary
| Device       : 7z010-clg400
| Speed File   : -1  PRODUCTION 1.12 2019-11-22
-------------------------------------------------------------------------------------------------

Timing Summary Report

------------------------------------------------------------------------------------------------
| Timer Settings
| --------------
------------------------------------------------------------------------------------------------

  Enable Multi Corner Analysis               :  Yes
  Enable Pessimism Removal                   :  Yes
  Pessimism Removal Resolution               :  Nearest Common Node
  Enable Input Delay Default Clock           :  No
  Enable Preset / Clear Arcs                 :  No
  Disable Flight Delays                      :  No
  Ignore I/O Paths                           :  No
  Timing Early Launch at Borrowing Latches   :  No
  Borrow Time for Max Delay Exceptions       :  Yes
  Merge Timing Exceptions                    :  Yes

  Corner  Analyze    Analyze    
  Name    Max Paths  Min Paths  
  ------  ---------  ---------  
  Slow    Yes        Yes        
  Fast    Yes        Yes        


------------------------------------------------------------------------------------------------
| Report Methodology
| ------------------
------------------------------------------------------------------------------------------------

No report available as report_methodology has not been run prior. Run report_methodology on the current design for the summary of methodology violations.



check_timing report

Table of Contents
-----------------
1. checking no_clock (0)
2. checking constant_clock (0)
3. checking pulse_width_clock (0)
4. checking unconstrained_internal_endpoints (0)
5. checking no_input_delay (122)
6. checking no_output_delay (40)
7. checking multiple_clock (0)
8. checking generated_clocks (0)
9. checking loops (0)
10. checking partial_input_delay (0)
11. checking partial_output_delay (0)
12. checking latch_loops (0)

1. checking no_clock (0)
------------------------
 There are 0 register/latch pins with no clock.


2. checking constant_clock (0)
------------------------------
 There are 0 register/latch pins with constant_clock.


3. checking pulse_width_clock (0)
---------------------------------
 There are 0 register/latch pins which need pulse_width check


4. checking unconstrained_internal_endpoints (0)
------------------------------------------------
 There are 0 pins that are not constrained for maximum delay.

 There are 0 pins that are not constrained for maximum delay due to constant clock.


5. checking no_input_delay (122)
--------------------------------
 There are 122 input ports with no input delay specified. (HIGH)

 There are 0 input ports with no input delay but user has a false path constraint.


6. checking no_output_delay (40)
--------------------------------
 There are 40 ports with no output delay specified. (HIGH)

 There are 0 ports with no output delay but user has a false path constraint

 There are 0 ports with no output delay but with a timing clock defined on it or propagating through it


7. checking multiple_clock (0)
------------------------------
 There are 0 register/latch pins with multiple clocks.


8. checking generated_clocks (0)
--------------------------------
 There are 0 generated clocks that are not connected to a clock source.


9. checking loops (0)
---------------------
 There are 0 combinational loops in the design.


10. checking partial_input_delay (0)
------------------------------------
 There are 0 input ports with partial input delay specified.


11. checking partial_output_delay (0)
-------------------------------------
 There are 0 ports with partial output delay specified.


12. checking latch_loops (0)
----------------------------
 There are 0 combinational latch loops in the design through latch input



------------------------------------------------------------------------------------------------
| Design Timing Summary
| ---------------------
------------------------------------------------------------------------------------------------

    WNS(ns)      TNS(ns)  TNS Failing Endpoints  TNS Total Endpoints     WPWS(ns)     TPWS(ns)  TPWS Failing Endpoints  TPWS Total Endpoints  
    -------      -------  ---------------------  -------------------     --------     --------  ----------------------  --------------------  
     10.628        0.000                      0                  792        7.638        0.000                       0                   506  


All user specified timing constraints are met.


------------------------------------------------------------------------------------------------
| Clock Summary
| -------------
------------------------------------------------------------------------------------------------

Clock  Waveform(ns)       Period(ns)      Frequency(MHz)
-----  ------------       ----------      --------------
l_clk  {0.000 8.138}      16.276          61.440          


------------------------------------------------------------------------------------------------
| Intra Clock Table
| -----------------
------------------------------------------------------------------------------------------------

Clock             WNS(ns)      TNS(ns)  TNS Failing Endpoints  TNS Total Endpoints     WPWS(ns)     TPWS(ns)  TPWS Failing Endpoints  TPWS Total Endpoints  
-----             -------      -------  ---------------------  -------------------     --------     --------  ----------------------  --------------------  
l_clk              10.628        0.000                      0                  792        7.638        0.000                       0                   506  


------------------------------------------------------------------------------------------------
| Inter Clock Table
| -----------------
------------------------------------------------------------------------------------------------

From Clock    To Clock          WNS(ns)      TNS(ns)  TNS Failing Endpoints  TNS Total Endpoints  
----------    --------          -------      -------  ---------------------  -------------------  


------------------------------------------------------------------------------------------------
| Other Path Groups Table
| -----------------------
------------------------------------------------------------------------------------------------

Path Group    From Clock    To Clock          WNS(ns)      TNS(ns)  TNS Failing Endpoints  TNS Total Endpoints  
----------    ----------    --------          -------      -------  ---------------------  -------------------  


------------------------------------------------------------------------------------------------
| Timing Details
| --------------
------------------------------------------------------------------------------------------------


---------------------------------------------------------------------------------------------------
From Clock:  l_clk
  To Clock:  l_clk

Setup :            0  Failing Endpoints,  Worst Slack       10.628ns,  Total Violation        0.000ns
Hold  :           NA  Failing Endpoints,  Worst Slack           NA  ,  Total Violation           NA
PW    :            0  Failing Endpoints,  Worst Slack        7.638ns,  Total Violation        0.000ns
---------------------------------------------------------------------------------------------------


Max Delay Paths
--------------------------------------------------------------------------------------
Slack (MET) :             10.628ns  (required time - arrival time)
  Source:                 cfg_dwell_reg[1]/C
                            (rising edge-triggered cell FDRE clocked by l_clk  {rise@0.000ns fall@8.138ns period=16.276ns})
  Destination:            dwell_cnt_reg[3]/R
                            (rising edge-triggered cell FDRE clocked by l_clk  {rise@0.000ns fall@8.138ns period=16.276ns})
  Path Group:             l_clk
  Path Type:              Setup (Max at Slow Process Corner)
  Requirement:            16.276ns  (l_clk rise@16.276ns - l_clk rise@0.000ns)
  Data Path Delay:        5.164ns  (logic 1.742ns (33.734%)  route 3.422ns (66.266%))
  Logic Levels:           5  (CARRY4=1 LUT4=1 LUT6=3)
  Clock Path Skew:        -0.049ns (DCD - SCD + CPR)
    Destination Clock Delay (DCD):    0.924ns = ( 17.200 - 16.276 ) 
    Source Clock Delay      (SCD):    0.973ns
    Clock Pessimism Removal (CPR):    0.000ns
  Clock Uncertainty:      0.035ns  ((TSJ^2 + TIJ^2)^1/2 + DJ) / 2 + PE
    Total System Jitter     (TSJ):    0.071ns
    Total Input Jitter      (TIJ):    0.000ns
    Discrete Jitter          (DJ):    0.000ns
    Phase Error              (PE):    0.000ns

    Location             Delay type                Incr(ns)  Path(ns)    Netlist Resource(s)
  -------------------------------------------------------------------    -------------------
                         (clock l_clk rise edge)      0.000     0.000 r  
                                                      0.000     0.000 r  l_clk (IN)
                         net (fo=505, unset)          0.973     0.973    l_clk
                         FDRE                                         r  cfg_dwell_reg[1]/C
  -------------------------------------------------------------------    -------------------
                         FDRE (Prop_fdre_C_Q)         0.496     1.469 f  cfg_dwell_reg[1]/Q
                         net (fo=2, unplaced)         0.752     2.221    cfg_dwell[1]
                         LUT4 (Prop_lut4_I1_O)        0.321     2.542 r  expected_index[7]_i_11/O
                         net (fo=1, unplaced)         0.000     2.542    expected_index[7]_i_11_n_0
                         CARRY4 (Prop_carry4_DI[0]_CO[3])
                                                      0.553     3.095 r  expected_index_reg[7]_i_3/CO[3]
                         net (fo=5, unplaced)         0.946     4.041    dwell_done
                         LUT6 (Prop_lut6_I1_O)        0.124     4.165 f  dwell_cnt[7]_i_8/O
                         net (fo=2, unplaced)         0.460     4.625    dwell_cnt[7]_i_8_n_0
                         LUT6 (Prop_lut6_I4_O)        0.124     4.749 r  dwell_cnt[7]_i_2/O
                         net (fo=9, unplaced)         0.460     5.209    dwell_cnt[7]_i_2_n_0
                         LUT6 (Prop_lut6_I0_O)        0.124     5.333 r  dwell_cnt[7]_i_1/O
                         net (fo=5, unplaced)         0.804     6.137    dwell_cnt[7]_i_1_n_0
                         FDRE                                         r  dwell_cnt_reg[3]/R
  -------------------------------------------------------------------    -------------------

                         (clock l_clk rise edge)     16.276    16.276 r  
                                                      0.000    16.276 r  l_clk (IN)
                         net (fo=505, unset)          0.924    17.200    l_clk
                         FDRE                                         r  dwell_cnt_reg[3]/C
                         clock pessimism              0.000    17.200    
                         clock uncertainty           -0.035    17.165    
                         FDRE (Setup_fdre_C_R)       -0.400    16.765    dwell_cnt_reg[3]
  -------------------------------------------------------------------
                         required time                         16.765    
                         arrival time                          -6.137    
  -------------------------------------------------------------------
                         slack                                 10.628    

Slack (MET) :             10.628ns  (required time - arrival time)
  Source:                 cfg_dwell_reg[1]/C
                            (rising edge-triggered cell FDRE clocked by l_clk  {rise@0.000ns fall@8.138ns period=16.276ns})
  Destination:            dwell_cnt_reg[4]/R
                            (rising edge-triggered cell FDRE clocked by l_clk  {rise@0.000ns fall@8.138ns period=16.276ns})
  Path Group:             l_clk
  Path Type:              Setup (Max at Slow Process Corner)
  Requirement:            16.276ns  (l_clk rise@16.276ns - l_clk rise@0.000ns)
  Data Path Delay:        5.164ns  (logic 1.742ns (33.734%)  route 3.422ns (66.266%))
  Logic Levels:           5  (CARRY4=1 LUT4=1 LUT6=3)
  Clock Path Skew:        -0.049ns (DCD - SCD + CPR)
    Destination Clock Delay (DCD):    0.924ns = ( 17.200 - 16.276 ) 
    Source Clock Delay      (SCD):    0.973ns
    Clock Pessimism Removal (CPR):    0.000ns
  Clock Uncertainty:      0.035ns  ((TSJ^2 + TIJ^2)^1/2 + DJ) / 2 + PE
    Total System Jitter     (TSJ):    0.071ns
    Total Input Jitter      (TIJ):    0.000ns
    Discrete Jitter          (DJ):    0.000ns
    Phase Error              (PE):    0.000ns

    Location             Delay type                Incr(ns)  Path(ns)    Netlist Resource(s)
  -------------------------------------------------------------------    -------------------
                         (clock l_clk rise edge)      0.000     0.000 r  
                                                      0.000     0.000 r  l_clk (IN)
                         net (fo=505, unset)          0.973     0.973    l_clk
                         FDRE                                         r  cfg_dwell_reg[1]/C
  -------------------------------------------------------------------    -------------------
                         FDRE (Prop_fdre_C_Q)         0.496     1.469 f  cfg_dwell_reg[1]/Q
                         net (fo=2, unplaced)         0.752     2.221    cfg_dwell[1]
                         LUT4 (Prop_lut4_I1_O)        0.321     2.542 r  expected_index[7]_i_11/O
                         net (fo=1, unplaced)         0.000     2.542    expected_index[7]_i_11_n_0
                         CARRY4 (Prop_carry4_DI[0]_CO[3])
                                                      0.553     3.095 r  expected_index_reg[7]_i_3/CO[3]
                         net (fo=5, unplaced)         0.946     4.041    dwell_done
                         LUT6 (Prop_lut6_I1_O)        0.124     4.165 f  dwell_cnt[7]_i_8/O
                         net (fo=2, unplaced)         0.460     4.625    dwell_cnt[7]_i_8_n_0
                         LUT6 (Prop_lut6_I4_O)        0.124     4.749 r  dwell_cnt[7]_i_2/O
                         net (fo=9, unplaced)         0.460     5.209    dwell_cnt[7]_i_2_n_0
                         LUT6 (Prop_lut6_I0_O)        0.124     5.333 r  dwell_cnt[7]_i_1/O
                         net (fo=5, unplaced)         0.804     6.137    dwell_cnt[7]_i_1_n_0
                         FDRE                                         r  dwell_cnt_reg[4]/R
  -------------------------------------------------------------------    -------------------

                         (clock l_clk rise edge)     16.276    16.276 r  
                                                      0.000    16.276 r  l_clk (IN)
                         net (fo=505, unset)          0.924    17.200    l_clk
                         FDRE                                         r  dwell_cnt_reg[4]/C
                         clock pessimism              0.000    17.200    
                         clock uncertainty           -0.035    17.165    
                         FDRE (Setup_fdre_C_R)       -0.400    16.765    dwell_cnt_reg[4]
  -------------------------------------------------------------------
                         required time                         16.765    
                         arrival time                          -6.137    
  -------------------------------------------------------------------
                         slack                                 10.628    

Slack (MET) :             10.628ns  (required time - arrival time)
  Source:                 cfg_dwell_reg[1]/C
                            (rising edge-triggered cell FDRE clocked by l_clk  {rise@0.000ns fall@8.138ns period=16.276ns})
  Destination:            dwell_cnt_reg[5]/R
                            (rising edge-triggered cell FDRE clocked by l_clk  {rise@0.000ns fall@8.138ns period=16.276ns})
  Path Group:             l_clk
  Path Type:              Setup (Max at Slow Process Corner)
  Requirement:            16.276ns  (l_clk rise@16.276ns - l_clk rise@0.000ns)
  Data Path Delay:        5.164ns  (logic 1.742ns (33.734%)  route 3.422ns (66.266%))
  Logic Levels:           5  (CARRY4=1 LUT4=1 LUT6=3)
  Clock Path Skew:        -0.049ns (DCD - SCD + CPR)
    Destination Clock Delay (DCD):    0.924ns = ( 17.200 - 16.276 ) 
    Source Clock Delay      (SCD):    0.973ns
    Clock Pessimism Removal (CPR):    0.000ns
  Clock Uncertainty:      0.035ns  ((TSJ^2 + TIJ^2)^1/2 + DJ) / 2 + PE
    Total System Jitter     (TSJ):    0.071ns
    Total Input Jitter      (TIJ):    0.000ns
    Discrete Jitter          (DJ):    0.000ns
    Phase Error              (PE):    0.000ns

    Location             Delay type                Incr(ns)  Path(ns)    Netlist Resource(s)
  -------------------------------------------------------------------    -------------------
                         (clock l_clk rise edge)      0.000     0.000 r  
                                                      0.000     0.000 r  l_clk (IN)
                         net (fo=505, unset)          0.973     0.973    l_clk
                         FDRE                                         r  cfg_dwell_reg[1]/C
  -------------------------------------------------------------------    -------------------
                         FDRE (Prop_fdre_C_Q)         0.496     1.469 f  cfg_dwell_reg[1]/Q
                         net (fo=2, unplaced)         0.752     2.221    cfg_dwell[1]
                         LUT4 (Prop_lut4_I1_O)        0.321     2.542 r  expected_index[7]_i_11/O
                         net (fo=1, unplaced)         0.000     2.542    expected_index[7]_i_11_n_0
                         CARRY4 (Prop_carry4_DI[0]_CO[3])
                                                      0.553     3.095 r  expected_index_reg[7]_i_3/CO[3]
                         net (fo=5, unplaced)         0.946     4.041    dwell_done
                         LUT6 (Prop_lut6_I1_O)        0.124     4.165 f  dwell_cnt[7]_i_8/O
                         net (fo=2, unplaced)         0.460     4.625    dwell_cnt[7]_i_8_n_0
                         LUT6 (Prop_lut6_I4_O)        0.124     4.749 r  dwell_cnt[7]_i_2/O
                         net (fo=9, unplaced)         0.460     5.209    dwell_cnt[7]_i_2_n_0
                         LUT6 (Prop_lut6_I0_O)        0.124     5.333 r  dwell_cnt[7]_i_1/O
                         net (fo=5, unplaced)         0.804     6.137    dwell_cnt[7]_i_1_n_0
                         FDRE                                         r  dwell_cnt_reg[5]/R
  -------------------------------------------------------------------    -------------------

                         (clock l_clk rise edge)     16.276    16.276 r  
                                                      0.000    16.276 r  l_clk (IN)
                         net (fo=505, unset)          0.924    17.200    l_clk
                         FDRE                                         r  dwell_cnt_reg[5]/C
                         clock pessimism              0.000    17.200    
                         clock uncertainty           -0.035    17.165    
                         FDRE (Setup_fdre_C_R)       -0.400    16.765    dwell_cnt_reg[5]
  -------------------------------------------------------------------
                         required time                         16.765    
                         arrival time                          -6.137    
  -------------------------------------------------------------------
                         slack                                 10.628    

Slack (MET) :             10.628ns  (required time - arrival time)
  Source:                 cfg_dwell_reg[1]/C
                            (rising edge-triggered cell FDRE clocked by l_clk  {rise@0.000ns fall@8.138ns period=16.276ns})
  Destination:            dwell_cnt_reg[6]/R
                            (rising edge-triggered cell FDRE clocked by l_clk  {rise@0.000ns fall@8.138ns period=16.276ns})
  Path Group:             l_clk
  Path Type:              Setup (Max at Slow Process Corner)
  Requirement:            16.276ns  (l_clk rise@16.276ns - l_clk rise@0.000ns)
  Data Path Delay:        5.164ns  (logic 1.742ns (33.734%)  route 3.422ns (66.266%))
  Logic Levels:           5  (CARRY4=1 LUT4=1 LUT6=3)
  Clock Path Skew:        -0.049ns (DCD - SCD + CPR)
    Destination Clock Delay (DCD):    0.924ns = ( 17.200 - 16.276 ) 
    Source Clock Delay      (SCD):    0.973ns
    Clock Pessimism Removal (CPR):    0.000ns
  Clock Uncertainty:      0.035ns  ((TSJ^2 + TIJ^2)^1/2 + DJ) / 2 + PE
    Total System Jitter     (TSJ):    0.071ns
    Total Input Jitter      (TIJ):    0.000ns
    Discrete Jitter          (DJ):    0.000ns
    Phase Error              (PE):    0.000ns

    Location             Delay type                Incr(ns)  Path(ns)    Netlist Resource(s)
  -------------------------------------------------------------------    -------------------
                         (clock l_clk rise edge)      0.000     0.000 r  
                                                      0.000     0.000 r  l_clk (IN)
                         net (fo=505, unset)          0.973     0.973    l_clk
                         FDRE                                         r  cfg_dwell_reg[1]/C
  -------------------------------------------------------------------    -------------------
                         FDRE (Prop_fdre_C_Q)         0.496     1.469 f  cfg_dwell_reg[1]/Q
                         net (fo=2, unplaced)         0.752     2.221    cfg_dwell[1]
                         LUT4 (Prop_lut4_I1_O)        0.321     2.542 r  expected_index[7]_i_11/O
                         net (fo=1, unplaced)         0.000     2.542    expected_index[7]_i_11_n_0
                         CARRY4 (Prop_carry4_DI[0]_CO[3])
                                                      0.553     3.095 r  expected_index_reg[7]_i_3/CO[3]
                         net (fo=5, unplaced)         0.946     4.041    dwell_done
                         LUT6 (Prop_lut6_I1_O)        0.124     4.165 f  dwell_cnt[7]_i_8/O
                         net (fo=2, unplaced)         0.460     4.625    dwell_cnt[7]_i_8_n_0
                         LUT6 (Prop_lut6_I4_O)        0.124     4.749 r  dwell_cnt[7]_i_2/O
                         net (fo=9, unplaced)         0.460     5.209    dwell_cnt[7]_i_2_n_0
                         LUT6 (Prop_lut6_I0_O)        0.124     5.333 r  dwell_cnt[7]_i_1/O
                         net (fo=5, unplaced)         0.804     6.137    dwell_cnt[7]_i_1_n_0
                         FDRE                                         r  dwell_cnt_reg[6]/R
  -------------------------------------------------------------------    -------------------

                         (clock l_clk rise edge)     16.276    16.276 r  
                                                      0.000    16.276 r  l_clk (IN)
                         net (fo=505, unset)          0.924    17.200    l_clk
                         FDRE                                         r  dwell_cnt_reg[6]/C
                         clock pessimism              0.000    17.200    
                         clock uncertainty           -0.035    17.165    
                         FDRE (Setup_fdre_C_R)       -0.400    16.765    dwell_cnt_reg[6]
  -------------------------------------------------------------------
                         required time                         16.765    
                         arrival time                          -6.137    
  -------------------------------------------------------------------
                         slack                                 10.628    

Slack (MET) :             10.628ns  (required time - arrival time)
  Source:                 cfg_dwell_reg[1]/C
                            (rising edge-triggered cell FDRE clocked by l_clk  {rise@0.000ns fall@8.138ns period=16.276ns})
  Destination:            dwell_cnt_reg[7]/R
                            (rising edge-triggered cell FDRE clocked by l_clk  {rise@0.000ns fall@8.138ns period=16.276ns})
  Path Group:             l_clk
  Path Type:              Setup (Max at Slow Process Corner)
  Requirement:            16.276ns  (l_clk rise@16.276ns - l_clk rise@0.000ns)
  Data Path Delay:        5.164ns  (logic 1.742ns (33.734%)  route 3.422ns (66.266%))
  Logic Levels:           5  (CARRY4=1 LUT4=1 LUT6=3)
  Clock Path Skew:        -0.049ns (DCD - SCD + CPR)
    Destination Clock Delay (DCD):    0.924ns = ( 17.200 - 16.276 ) 
    Source Clock Delay      (SCD):    0.973ns
    Clock Pessimism Removal (CPR):    0.000ns
  Clock Uncertainty:      0.035ns  ((TSJ^2 + TIJ^2)^1/2 + DJ) / 2 + PE
    Total System Jitter     (TSJ):    0.071ns
    Total Input Jitter      (TIJ):    0.000ns
    Discrete Jitter          (DJ):    0.000ns
    Phase Error              (PE):    0.000ns

    Location             Delay type                Incr(ns)  Path(ns)    Netlist Resource(s)
  -------------------------------------------------------------------    -------------------
                         (clock l_clk rise edge)      0.000     0.000 r  
                                                      0.000     0.000 r  l_clk (IN)
                         net (fo=505, unset)          0.973     0.973    l_clk
                         FDRE                                         r  cfg_dwell_reg[1]/C
  -------------------------------------------------------------------    -------------------
                         FDRE (Prop_fdre_C_Q)         0.496     1.469 f  cfg_dwell_reg[1]/Q
                         net (fo=2, unplaced)         0.752     2.221    cfg_dwell[1]
                         LUT4 (Prop_lut4_I1_O)        0.321     2.542 r  expected_index[7]_i_11/O
                         net (fo=1, unplaced)         0.000     2.542    expected_index[7]_i_11_n_0
                         CARRY4 (Prop_carry4_DI[0]_CO[3])
                                                      0.553     3.095 r  expected_index_reg[7]_i_3/CO[3]
                         net (fo=5, unplaced)         0.946     4.041    dwell_done
                         LUT6 (Prop_lut6_I1_O)        0.124     4.165 f  dwell_cnt[7]_i_8/O
                         net (fo=2, unplaced)         0.460     4.625    dwell_cnt[7]_i_8_n_0
                         LUT6 (Prop_lut6_I4_O)        0.124     4.749 r  dwell_cnt[7]_i_2/O
                         net (fo=9, unplaced)         0.460     5.209    dwell_cnt[7]_i_2_n_0
                         LUT6 (Prop_lut6_I0_O)        0.124     5.333 r  dwell_cnt[7]_i_1/O
                         net (fo=5, unplaced)         0.804     6.137    dwell_cnt[7]_i_1_n_0
                         FDRE                                         r  dwell_cnt_reg[7]/R
  -------------------------------------------------------------------    -------------------

                         (clock l_clk rise edge)     16.276    16.276 r  
                                                      0.000    16.276 r  l_clk (IN)
                         net (fo=505, unset)          0.924    17.200    l_clk
                         FDRE                                         r  dwell_cnt_reg[7]/C
                         clock pessimism              0.000    17.200    
                         clock uncertainty           -0.035    17.165    
                         FDRE (Setup_fdre_C_R)       -0.400    16.765    dwell_cnt_reg[7]
  -------------------------------------------------------------------
                         required time                         16.765    
                         arrival time                          -6.137    
  -------------------------------------------------------------------
                         slack                                 10.628    





Pulse Width Checks
--------------------------------------------------------------------------------------
Clock Name:         l_clk
Waveform(ns):       { 0.000 8.138 }
Period(ns):         16.276
Sources:            { l_clk }

Check Type        Corner  Lib Pin             Reference Pin  Required(ns)  Actual(ns)  Slack(ns)  Location  Pin
Min Period        n/a     RAMB36E1/CLKARDCLK  n/a            2.944         16.276      13.332               evt_mem_reg_0/CLKARDCLK
Min Period        n/a     RAMB36E1/CLKBWRCLK  n/a            2.944         16.276      13.332               evt_mem_reg_0/CLKBWRCLK
Min Period        n/a     RAMB36E1/CLKARDCLK  n/a            2.944         16.276      13.332               evt_mem_reg_1/CLKARDCLK
Min Period        n/a     RAMB36E1/CLKBWRCLK  n/a            2.944         16.276      13.332               evt_mem_reg_1/CLKBWRCLK
Min Period        n/a     FDSE/C              n/a            1.000         16.276      15.276               FSM_onehot_state_reg[0]/C
Low Pulse Width   Slow    FDSE/C              n/a            0.500         8.138       7.638                FSM_onehot_state_reg[0]/C
Low Pulse Width   Fast    FDSE/C              n/a            0.500         8.138       7.638                FSM_onehot_state_reg[0]/C
Low Pulse Width   Slow    FDRE/C              n/a            0.500         8.138       7.638                FSM_onehot_state_reg[2]/C
Low Pulse Width   Fast    FDRE/C              n/a            0.500         8.138       7.638                FSM_onehot_state_reg[2]/C
Low Pulse Width   Slow    FDRE/C              n/a            0.500         8.138       7.638                FSM_onehot_state_reg[3]/C
High Pulse Width  Slow    FDSE/C              n/a            0.500         8.138       7.638                FSM_onehot_state_reg[0]/C
High Pulse Width  Fast    FDSE/C              n/a            0.500         8.138       7.638                FSM_onehot_state_reg[0]/C
High Pulse Width  Slow    FDRE/C              n/a            0.500         8.138       7.638                FSM_onehot_state_reg[2]/C
High Pulse Width  Fast    FDRE/C              n/a            0.500         8.138       7.638                FSM_onehot_state_reg[2]/C
High Pulse Width  Slow    FDRE/C              n/a            0.500         8.138       7.638                FSM_onehot_state_reg[3]/C



