Copyright 1986-2022 Xilinx, Inc. All Rights Reserved.
----------------------------------------------------------------------------------------------
| Tool Version : Vivado v.2022.2 (lin64) Build 3671981 Fri Oct 14 04:59:54 MDT 2022
| Date         : Mon Aug 10 18:27:25 2026
| Host         : kalman running 64-bit Ubuntu 24.04 LTS
| Command      : report_timing_summary -delay_type max -max_paths 3 -file /tmp/axi_timing.rpt
| Design       : tandem_agc_axi
| Device       : 7z010-clg400
| Speed File   : -1  PRODUCTION 1.12 2019-11-22
----------------------------------------------------------------------------------------------

Timing Summary Report

------------------------------------------------------------------------------------------------
| Timer Settings
| --------------
------------------------------------------------------------------------------------------------

  Enable Multi Corner Analysis               :  Yes
  Enable Pessimism Removal                   :  Yes
  Pessimism Removal Resolution               :  Nearest Common Node
  Enable Input Delay Default Clock           :  No
  Enable Preset / Clear Arcs                 :  No
  Disable Flight Delays                      :  No
  Ignore I/O Paths                           :  No
  Timing Early Launch at Borrowing Latches   :  No
  Borrow Time for Max Delay Exceptions       :  Yes
  Merge Timing Exceptions                    :  Yes

  Corner  Analyze    Analyze    
  Name    Max Paths  Min Paths  
  ------  ---------  ---------  
  Slow    Yes        Yes        
  Fast    Yes        Yes        


------------------------------------------------------------------------------------------------
| Report Methodology
| ------------------
------------------------------------------------------------------------------------------------

No report available as report_methodology has not been run prior. Run report_methodology on the current design for the summary of methodology violations.



check_timing report

Table of Contents
-----------------
1. checking no_clock (0)
2. checking constant_clock (0)
3. checking pulse_width_clock (0)
4. checking unconstrained_internal_endpoints (0)
5. checking no_input_delay (136)
6. checking no_output_delay (45)
7. checking multiple_clock (0)
8. checking generated_clocks (0)
9. checking loops (0)
10. checking partial_input_delay (0)
11. checking partial_output_delay (0)
12. checking latch_loops (0)

1. checking no_clock (0)
------------------------
 There are 0 register/latch pins with no clock.


2. checking constant_clock (0)
------------------------------
 There are 0 register/latch pins with constant_clock.


3. checking pulse_width_clock (0)
---------------------------------
 There are 0 register/latch pins which need pulse_width check


4. checking unconstrained_internal_endpoints (0)
------------------------------------------------
 There are 0 pins that are not constrained for maximum delay.

 There are 0 pins that are not constrained for maximum delay due to constant clock.


5. checking no_input_delay (136)
--------------------------------
 There are 136 input ports with no input delay specified. (HIGH)

 There are 0 input ports with no input delay but user has a false path constraint.


6. checking no_output_delay (45)
--------------------------------
 There are 45 ports with no output delay specified. (HIGH)

 There are 0 ports with no output delay but user has a false path constraint

 There are 0 ports with no output delay but with a timing clock defined on it or propagating through it


7. checking multiple_clock (0)
------------------------------
 There are 0 register/latch pins with multiple clocks.


8. checking generated_clocks (0)
--------------------------------
 There are 0 generated clocks that are not connected to a clock source.


9. checking loops (0)
---------------------
 There are 0 combinational loops in the design.


10. checking partial_input_delay (0)
------------------------------------
 There are 0 input ports with partial input delay specified.


11. checking partial_output_delay (0)
-------------------------------------
 There are 0 ports with partial output delay specified.


12. checking latch_loops (0)
----------------------------
 There are 0 combinational latch loops in the design through latch input



------------------------------------------------------------------------------------------------
| Design Timing Summary
| ---------------------
------------------------------------------------------------------------------------------------

    WNS(ns)      TNS(ns)  TNS Failing Endpoints  TNS Total Endpoints     WPWS(ns)     TPWS(ns)  TPWS Failing Endpoints  TPWS Total Endpoints  
    -------      -------  ---------------------  -------------------     --------     --------  ----------------------  --------------------  
      4.664        0.000                      0                 3112        4.500        0.000                       0                  1231  


All user specified timing constraints are met.


------------------------------------------------------------------------------------------------
| Clock Summary
| -------------
------------------------------------------------------------------------------------------------

Clock       Waveform(ns)       Period(ns)      Frequency(MHz)
-----       ------------       ----------      --------------
l_clk       {0.000 8.138}      16.276          61.440          
s_axi_aclk  {0.000 5.000}      10.000          100.000         


------------------------------------------------------------------------------------------------
| Intra Clock Table
| -----------------
------------------------------------------------------------------------------------------------

Clock             WNS(ns)      TNS(ns)  TNS Failing Endpoints  TNS Total Endpoints     WPWS(ns)     TPWS(ns)  TPWS Failing Endpoints  TPWS Total Endpoints  
-----             -------      -------  ---------------------  -------------------     --------     --------  ----------------------  --------------------  
l_clk              10.573        0.000                      0                 2046        7.638        0.000                       0                   771  
s_axi_aclk          4.664        0.000                      0                 1066        4.500        0.000                       0                   460  


------------------------------------------------------------------------------------------------
| Inter Clock Table
| -----------------
------------------------------------------------------------------------------------------------

From Clock    To Clock          WNS(ns)      TNS(ns)  TNS Failing Endpoints  TNS Total Endpoints  
----------    --------          -------      -------  ---------------------  -------------------  


------------------------------------------------------------------------------------------------
| Other Path Groups Table
| -----------------------
------------------------------------------------------------------------------------------------

Path Group    From Clock    To Clock          WNS(ns)      TNS(ns)  TNS Failing Endpoints  TNS Total Endpoints  
----------    ----------    --------          -------      -------  ---------------------  -------------------  


------------------------------------------------------------------------------------------------
| Timing Details
| --------------
------------------------------------------------------------------------------------------------


---------------------------------------------------------------------------------------------------
From Clock:  l_clk
  To Clock:  l_clk

Setup :            0  Failing Endpoints,  Worst Slack       10.573ns,  Total Violation        0.000ns
Hold  :           NA  Failing Endpoints,  Worst Slack           NA  ,  Total Violation           NA
PW    :            0  Failing Endpoints,  Worst Slack        7.638ns,  Total Violation        0.000ns
---------------------------------------------------------------------------------------------------


Max Delay Paths
--------------------------------------------------------------------------------------
Slack (MET) :             10.573ns  (required time - arrival time)
  Source:                 u_core/expected_index_reg[3]/C
                            (rising edge-triggered cell FDRE clocked by l_clk  {rise@0.000ns fall@8.138ns period=16.276ns})
  Destination:            u_core/dwell_cnt_reg[0]/R
                            (rising edge-triggered cell FDRE clocked by l_clk  {rise@0.000ns fall@8.138ns period=16.276ns})
  Path Group:             l_clk
  Path Type:              Setup (Max at Slow Process Corner)
  Requirement:            16.276ns  (l_clk rise@16.276ns - l_clk rise@0.000ns)
  Data Path Delay:        5.219ns  (logic 1.707ns (32.707%)  route 3.512ns (67.293%))
  Logic Levels:           5  (CARRY4=1 LUT4=2 LUT5=2)
  Clock Path Skew:        -0.049ns (DCD - SCD + CPR)
    Destination Clock Delay (DCD):    0.924ns = ( 17.200 - 16.276 ) 
    Source Clock Delay      (SCD):    0.973ns
    Clock Pessimism Removal (CPR):    0.000ns
  Clock Uncertainty:      0.035ns  ((TSJ^2 + TIJ^2)^1/2 + DJ) / 2 + PE
    Total System Jitter     (TSJ):    0.071ns
    Total Input Jitter      (TIJ):    0.000ns
    Discrete Jitter          (DJ):    0.000ns
    Phase Error              (PE):    0.000ns

    Location             Delay type                Incr(ns)  Path(ns)    Netlist Resource(s)
  -------------------------------------------------------------------    -------------------
                         (clock l_clk rise edge)      0.000     0.000 r  
                                                      0.000     0.000 r  l_clk (IN)
                         net (fo=770, unset)          0.973     0.973    u_core/l_clk
                         FDRE                                         r  u_core/expected_index_reg[3]/C
  -------------------------------------------------------------------    -------------------
                         FDRE (Prop_fdre_C_Q)         0.496     1.469 r  u_core/expected_index_reg[3]/Q
                         net (fo=14, unplaced)        0.792     2.261    u_core/D[22]
                         LUT4 (Prop_lut4_I1_O)        0.295     2.556 r  u_core/at_max_carry_i_7/O
                         net (fo=1, unplaced)         0.000     2.556    u_core/at_max_carry_i_7_n_0
                         CARRY4 (Prop_carry4_S[1]_CO[3])
                                                      0.550     3.106 f  u_core/at_max_carry/CO[3]
                         net (fo=4, unplaced)         0.942     4.048    u_core/at_max
                         LUT5 (Prop_lut5_I3_O)        0.118     4.166 f  u_core/expected_index[1]_i_4/O
                         net (fo=2, unplaced)         0.460     4.626    u_core/expected_index[1]_i_4_n_0
                         LUT4 (Prop_lut4_I3_O)        0.124     4.750 r  u_core/cnt_trans[0]_i_1/O
                         net (fo=55, unplaced)        0.504     5.254    u_core/cnt_trans
                         LUT5 (Prop_lut5_I0_O)        0.124     5.378 r  u_core/dwell_cnt[7]_i_1/O
                         net (fo=8, unplaced)         0.814     6.192    u_core/dwell_cnt[7]_i_1_n_0
                         FDRE                                         r  u_core/dwell_cnt_reg[0]/R
  -------------------------------------------------------------------    -------------------

                         (clock l_clk rise edge)     16.276    16.276 r  
                                                      0.000    16.276 r  l_clk (IN)
                         net (fo=770, unset)          0.924    17.200    u_core/l_clk
                         FDRE                                         r  u_core/dwell_cnt_reg[0]/C
                         clock pessimism              0.000    17.200    
                         clock uncertainty           -0.035    17.165    
                         FDRE (Setup_fdre_C_R)       -0.400    16.765    u_core/dwell_cnt_reg[0]
  -------------------------------------------------------------------
                         required time                         16.765    
                         arrival time                          -6.192    
  -------------------------------------------------------------------
                         slack                                 10.573    

Slack (MET) :             10.573ns  (required time - arrival time)
  Source:                 u_core/expected_index_reg[3]/C
                            (rising edge-triggered cell FDRE clocked by l_clk  {rise@0.000ns fall@8.138ns period=16.276ns})
  Destination:            u_core/dwell_cnt_reg[1]/R
                            (rising edge-triggered cell FDRE clocked by l_clk  {rise@0.000ns fall@8.138ns period=16.276ns})
  Path Group:             l_clk
  Path Type:              Setup (Max at Slow Process Corner)
  Requirement:            16.276ns  (l_clk rise@16.276ns - l_clk rise@0.000ns)
  Data Path Delay:        5.219ns  (logic 1.707ns (32.707%)  route 3.512ns (67.293%))
  Logic Levels:           5  (CARRY4=1 LUT4=2 LUT5=2)
  Clock Path Skew:        -0.049ns (DCD - SCD + CPR)
    Destination Clock Delay (DCD):    0.924ns = ( 17.200 - 16.276 ) 
    Source Clock Delay      (SCD):    0.973ns
    Clock Pessimism Removal (CPR):    0.000ns
  Clock Uncertainty:      0.035ns  ((TSJ^2 + TIJ^2)^1/2 + DJ) / 2 + PE
    Total System Jitter     (TSJ):    0.071ns
    Total Input Jitter      (TIJ):    0.000ns
    Discrete Jitter          (DJ):    0.000ns
    Phase Error              (PE):    0.000ns

    Location             Delay type                Incr(ns)  Path(ns)    Netlist Resource(s)
  -------------------------------------------------------------------    -------------------
                         (clock l_clk rise edge)      0.000     0.000 r  
                                                      0.000     0.000 r  l_clk (IN)
                         net (fo=770, unset)          0.973     0.973    u_core/l_clk
                         FDRE                                         r  u_core/expected_index_reg[3]/C
  -------------------------------------------------------------------    -------------------
                         FDRE (Prop_fdre_C_Q)         0.496     1.469 r  u_core/expected_index_reg[3]/Q
                         net (fo=14, unplaced)        0.792     2.261    u_core/D[22]
                         LUT4 (Prop_lut4_I1_O)        0.295     2.556 r  u_core/at_max_carry_i_7/O
                         net (fo=1, unplaced)         0.000     2.556    u_core/at_max_carry_i_7_n_0
                         CARRY4 (Prop_carry4_S[1]_CO[3])
                                                      0.550     3.106 f  u_core/at_max_carry/CO[3]
                         net (fo=4, unplaced)         0.942     4.048    u_core/at_max
                         LUT5 (Prop_lut5_I3_O)        0.118     4.166 f  u_core/expected_index[1]_i_4/O
                         net (fo=2, unplaced)         0.460     4.626    u_core/expected_index[1]_i_4_n_0
                         LUT4 (Prop_lut4_I3_O)        0.124     4.750 r  u_core/cnt_trans[0]_i_1/O
                         net (fo=55, unplaced)        0.504     5.254    u_core/cnt_trans
                         LUT5 (Prop_lut5_I0_O)        0.124     5.378 r  u_core/dwell_cnt[7]_i_1/O
                         net (fo=8, unplaced)         0.814     6.192    u_core/dwell_cnt[7]_i_1_n_0
                         FDRE                                         r  u_core/dwell_cnt_reg[1]/R
  -------------------------------------------------------------------    -------------------

                         (clock l_clk rise edge)     16.276    16.276 r  
                                                      0.000    16.276 r  l_clk (IN)
                         net (fo=770, unset)          0.924    17.200    u_core/l_clk
                         FDRE                                         r  u_core/dwell_cnt_reg[1]/C
                         clock pessimism              0.000    17.200    
                         clock uncertainty           -0.035    17.165    
                         FDRE (Setup_fdre_C_R)       -0.400    16.765    u_core/dwell_cnt_reg[1]
  -------------------------------------------------------------------
                         required time                         16.765    
                         arrival time                          -6.192    
  -------------------------------------------------------------------
                         slack                                 10.573    

Slack (MET) :             10.573ns  (required time - arrival time)
  Source:                 u_core/expected_index_reg[3]/C
                            (rising edge-triggered cell FDRE clocked by l_clk  {rise@0.000ns fall@8.138ns period=16.276ns})
  Destination:            u_core/dwell_cnt_reg[2]/R
                            (rising edge-triggered cell FDRE clocked by l_clk  {rise@0.000ns fall@8.138ns period=16.276ns})
  Path Group:             l_clk
  Path Type:              Setup (Max at Slow Process Corner)
  Requirement:            16.276ns  (l_clk rise@16.276ns - l_clk rise@0.000ns)
  Data Path Delay:        5.219ns  (logic 1.707ns (32.707%)  route 3.512ns (67.293%))
  Logic Levels:           5  (CARRY4=1 LUT4=2 LUT5=2)
  Clock Path Skew:        -0.049ns (DCD - SCD + CPR)
    Destination Clock Delay (DCD):    0.924ns = ( 17.200 - 16.276 ) 
    Source Clock Delay      (SCD):    0.973ns
    Clock Pessimism Removal (CPR):    0.000ns
  Clock Uncertainty:      0.035ns  ((TSJ^2 + TIJ^2)^1/2 + DJ) / 2 + PE
    Total System Jitter     (TSJ):    0.071ns
    Total Input Jitter      (TIJ):    0.000ns
    Discrete Jitter          (DJ):    0.000ns
    Phase Error              (PE):    0.000ns

    Location             Delay type                Incr(ns)  Path(ns)    Netlist Resource(s)
  -------------------------------------------------------------------    -------------------
                         (clock l_clk rise edge)      0.000     0.000 r  
                                                      0.000     0.000 r  l_clk (IN)
                         net (fo=770, unset)          0.973     0.973    u_core/l_clk
                         FDRE                                         r  u_core/expected_index_reg[3]/C
  -------------------------------------------------------------------    -------------------
                         FDRE (Prop_fdre_C_Q)         0.496     1.469 r  u_core/expected_index_reg[3]/Q
                         net (fo=14, unplaced)        0.792     2.261    u_core/D[22]
                         LUT4 (Prop_lut4_I1_O)        0.295     2.556 r  u_core/at_max_carry_i_7/O
                         net (fo=1, unplaced)         0.000     2.556    u_core/at_max_carry_i_7_n_0
                         CARRY4 (Prop_carry4_S[1]_CO[3])
                                                      0.550     3.106 f  u_core/at_max_carry/CO[3]
                         net (fo=4, unplaced)         0.942     4.048    u_core/at_max
                         LUT5 (Prop_lut5_I3_O)        0.118     4.166 f  u_core/expected_index[1]_i_4/O
                         net (fo=2, unplaced)         0.460     4.626    u_core/expected_index[1]_i_4_n_0
                         LUT4 (Prop_lut4_I3_O)        0.124     4.750 r  u_core/cnt_trans[0]_i_1/O
                         net (fo=55, unplaced)        0.504     5.254    u_core/cnt_trans
                         LUT5 (Prop_lut5_I0_O)        0.124     5.378 r  u_core/dwell_cnt[7]_i_1/O
                         net (fo=8, unplaced)         0.814     6.192    u_core/dwell_cnt[7]_i_1_n_0
                         FDRE                                         r  u_core/dwell_cnt_reg[2]/R
  -------------------------------------------------------------------    -------------------

                         (clock l_clk rise edge)     16.276    16.276 r  
                                                      0.000    16.276 r  l_clk (IN)
                         net (fo=770, unset)          0.924    17.200    u_core/l_clk
                         FDRE                                         r  u_core/dwell_cnt_reg[2]/C
                         clock pessimism              0.000    17.200    
                         clock uncertainty           -0.035    17.165    
                         FDRE (Setup_fdre_C_R)       -0.400    16.765    u_core/dwell_cnt_reg[2]
  -------------------------------------------------------------------
                         required time                         16.765    
                         arrival time                          -6.192    
  -------------------------------------------------------------------
                         slack                                 10.573    





Pulse Width Checks
--------------------------------------------------------------------------------------
Clock Name:         l_clk
Waveform(ns):       { 0.000 8.138 }
Period(ns):         16.276
Sources:            { l_clk }

Check Type        Corner  Lib Pin             Reference Pin  Required(ns)  Actual(ns)  Slack(ns)  Location  Pin
Min Period        n/a     RAMB36E1/CLKBWRCLK  n/a            2.576         16.276      13.700               u_core/u_evt_fifo/mem_reg_0/CLKBWRCLK
Min Period        n/a     RAMB36E1/CLKBWRCLK  n/a            2.576         16.276      13.700               u_core/u_evt_fifo/mem_reg_1/CLKBWRCLK
Min Period        n/a     FDRE/C              n/a            1.000         16.276      15.276               cfg_held_reg[0]/C
Low Pulse Width   Slow    FDRE/C              n/a            0.500         8.138       7.638                cfg_held_reg[0]/C
Low Pulse Width   Fast    FDRE/C              n/a            0.500         8.138       7.638                cfg_held_reg[0]/C
Low Pulse Width   Slow    FDRE/C              n/a            0.500         8.138       7.638                cfg_held_reg[100]/C
High Pulse Width  Slow    FDRE/C              n/a            0.500         8.138       7.638                cfg_held_reg[0]/C
High Pulse Width  Fast    FDRE/C              n/a            0.500         8.138       7.638                cfg_held_reg[0]/C
High Pulse Width  Slow    FDRE/C              n/a            0.500         8.138       7.638                cfg_held_reg[100]/C



---------------------------------------------------------------------------------------------------
From Clock:  s_axi_aclk
  To Clock:  s_axi_aclk

Setup :            0  Failing Endpoints,  Worst Slack        4.664ns,  Total Violation        0.000ns
Hold  :           NA  Failing Endpoints,  Worst Slack           NA  ,  Total Violation           NA
PW    :            0  Failing Endpoints,  Worst Slack        4.500ns,  Total Violation        0.000ns
---------------------------------------------------------------------------------------------------


Max Delay Paths
--------------------------------------------------------------------------------------
Slack (MET) :             4.664ns  (required time - arrival time)
  Source:                 u_core/u_evt_fifo/wgray_s2_reg[3]/C
                            (rising edge-triggered cell FDRE clocked by s_axi_aclk  {rise@0.000ns fall@5.000ns period=10.000ns})
  Destination:            rdata_q_reg[7]/D
                            (rising edge-triggered cell FDRE clocked by s_axi_aclk  {rise@0.000ns fall@5.000ns period=10.000ns})
  Path Group:             s_axi_aclk
  Path Type:              Setup (Max at Slow Process Corner)
  Requirement:            10.000ns  (s_axi_aclk rise@10.000ns - s_axi_aclk rise@0.000ns)
  Data Path Delay:        5.314ns  (logic 2.349ns (44.204%)  route 2.965ns (55.796%))
  Logic Levels:           7  (CARRY4=2 LUT4=1 LUT6=4)
  Clock Path Skew:        -0.049ns (DCD - SCD + CPR)
    Destination Clock Delay (DCD):    0.924ns = ( 10.924 - 10.000 ) 
    Source Clock Delay      (SCD):    0.973ns
    Clock Pessimism Removal (CPR):    0.000ns
  Clock Uncertainty:      0.035ns  ((TSJ^2 + TIJ^2)^1/2 + DJ) / 2 + PE
    Total System Jitter     (TSJ):    0.071ns
    Total Input Jitter      (TIJ):    0.000ns
    Discrete Jitter          (DJ):    0.000ns
    Phase Error              (PE):    0.000ns

    Location             Delay type                Incr(ns)  Path(ns)    Netlist Resource(s)
  -------------------------------------------------------------------    -------------------
                         (clock s_axi_aclk rise edge)
                                                      0.000     0.000 r  
                                                      0.000     0.000 r  s_axi_aclk (IN)
                         net (fo=459, unset)          0.973     0.973    u_core/u_evt_fifo/s_axi_aclk
                         FDRE                                         r  u_core/u_evt_fifo/wgray_s2_reg[3]/C
  -------------------------------------------------------------------    -------------------
                         FDRE (Prop_fdre_C_Q)         0.496     1.469 r  u_core/u_evt_fifo/wgray_s2_reg[3]/Q
                         net (fo=2, unplaced)         0.976     2.445    u_core/u_evt_fifo/wgray_s2[3]
                         LUT6 (Prop_lut6_I0_O)        0.295     2.740 r  u_core/u_evt_fifo/rd_level_carry_i_9/O
                         net (fo=4, unplaced)         0.473     3.213    u_core/u_evt_fifo/gray2bin_return[3]
                         LUT4 (Prop_lut4_I1_O)        0.124     3.337 r  u_core/u_evt_fifo/rd_level_carry_i_7/O
                         net (fo=1, unplaced)         0.000     3.337    u_core/u_evt_fifo/rd_level_carry_i_7_n_0
                         CARRY4 (Prop_carry4_S[1]_CO[3])
                                                      0.550     3.887 r  u_core/u_evt_fifo/rd_level_carry/CO[3]
                         net (fo=1, unplaced)         0.000     3.887    u_core/u_evt_fifo/rd_level_carry_n_0
                         CARRY4 (Prop_carry4_CI_O[3])
                                                      0.329     4.216 r  u_core/u_evt_fifo/rd_level_carry__0/O[3]
                         net (fo=1, unplaced)         0.618     4.834    u_stat/evt_level[7]
                         LUT6 (Prop_lut6_I5_O)        0.307     5.141 r  u_stat/rdata_q[7]_i_5/O
                         net (fo=1, unplaced)         0.449     5.590    u_stat/rdata_q[7]_i_5_n_0
                         LUT6 (Prop_lut6_I0_O)        0.124     5.714 r  u_stat/rdata_q[7]_i_2/O
                         net (fo=1, unplaced)         0.449     6.163    u_stat/rdata_q[7]_i_2_n_0
                         LUT6 (Prop_lut6_I1_O)        0.124     6.287 r  u_stat/rdata_q[7]_i_1/O
                         net (fo=1, unplaced)         0.000     6.287    p_1_in[7]
                         FDRE                                         r  rdata_q_reg[7]/D
  -------------------------------------------------------------------    -------------------

                         (clock s_axi_aclk rise edge)
                                                     10.000    10.000 r  
                                                      0.000    10.000 r  s_axi_aclk (IN)
                         net (fo=459, unset)          0.924    10.924    s_axi_aclk
                         FDRE                                         r  rdata_q_reg[7]/C
                         clock pessimism              0.000    10.924    
                         clock uncertainty           -0.035    10.889    
                         FDRE (Setup_fdre_C_D)        0.062    10.951    rdata_q_reg[7]
  -------------------------------------------------------------------
                         required time                         10.951    
                         arrival time                          -6.287    
  -------------------------------------------------------------------
                         slack                                  4.664    

Slack (MET) :             4.794ns  (required time - arrival time)
  Source:                 u_core/u_evt_fifo/rgray_reg[5]/C
                            (rising edge-triggered cell FDRE clocked by s_axi_aclk  {rise@0.000ns fall@5.000ns period=10.000ns})
  Destination:            u_core/u_evt_fifo/mem_reg_0/ADDRARDADDR[10]
                            (rising edge-triggered cell RAMB36E1 clocked by s_axi_aclk  {rise@0.000ns fall@5.000ns period=10.000ns})
  Path Group:             s_axi_aclk
  Path Type:              Setup (Max at Slow Process Corner)
  Requirement:            10.000ns  (s_axi_aclk rise@10.000ns - s_axi_aclk rise@0.000ns)
  Data Path Delay:        4.556ns  (logic 1.795ns (39.401%)  route 2.761ns (60.599%))
  Logic Levels:           4  (CARRY4=1 LUT2=1 LUT6=2)
  Clock Path Skew:        -0.049ns (DCD - SCD + CPR)
    Destination Clock Delay (DCD):    0.924ns = ( 10.924 - 10.000 ) 
    Source Clock Delay      (SCD):    0.973ns
    Clock Pessimism Removal (CPR):    0.000ns
  Clock Uncertainty:      0.035ns  ((TSJ^2 + TIJ^2)^1/2 + DJ) / 2 + PE
    Total System Jitter     (TSJ):    0.071ns
    Total Input Jitter      (TIJ):    0.000ns
    Discrete Jitter          (DJ):    0.000ns
    Phase Error              (PE):    0.000ns

    Location             Delay type                Incr(ns)  Path(ns)    Netlist Resource(s)
  -------------------------------------------------------------------    -------------------
                         (clock s_axi_aclk rise edge)
                                                      0.000     0.000 r  
                                                      0.000     0.000 r  s_axi_aclk (IN)
                         net (fo=459, unset)          0.973     0.973    u_core/u_evt_fifo/s_axi_aclk
                         FDRE                                         r  u_core/u_evt_fifo/rgray_reg[5]/C
  -------------------------------------------------------------------    -------------------
                         FDRE (Prop_fdre_C_Q)         0.496     1.469 r  u_core/u_evt_fifo/rgray_reg[5]/Q
                         net (fo=2, unplaced)         0.976     2.445    u_core/u_evt_fifo/rgray[5]
                         LUT6 (Prop_lut6_I0_O)        0.295     2.740 r  u_core/u_evt_fifo/rd_valid_carry_i_2/O
                         net (fo=1, unplaced)         0.000     2.740    u_core/u_evt_fifo/rd_valid_carry_i_2_n_0
                         CARRY4 (Prop_carry4_S[1]_CO[2])
                                                      0.570     3.310 f  u_core/u_evt_fifo/rd_valid_carry/CO[2]
                         net (fo=9, unplaced)         0.493     3.803    u_core/u_evt_fifo/evt_valid
                         LUT6 (Prop_lut6_I2_O)        0.310     4.113 r  u_core/u_evt_fifo/mem_reg_0_i_10/O
                         net (fo=10, unplaced)        0.492     4.605    u_core/u_evt_fifo/mem_reg_0_i_10_n_0
                         LUT2 (Prop_lut2_I1_O)        0.124     4.729 r  u_core/u_evt_fifo/mem_reg_0_i_5/O
                         net (fo=3, unplaced)         0.800     5.529    u_core/u_evt_fifo/mem_reg_0_i_5_n_0
                         RAMB36E1                                     r  u_core/u_evt_fifo/mem_reg_0/ADDRARDADDR[10]
  -------------------------------------------------------------------    -------------------

                         (clock s_axi_aclk rise edge)
                                                     10.000    10.000 r  
                                                      0.000    10.000 r  s_axi_aclk (IN)
                         net (fo=459, unset)          0.924    10.924    u_core/u_evt_fifo/s_axi_aclk
                         RAMB36E1                                     r  u_core/u_evt_fifo/mem_reg_0/CLKARDCLK
                         clock pessimism              0.000    10.924    
                         clock uncertainty           -0.035    10.889    
                         RAMB36E1 (Setup_ramb36e1_CLKARDCLK_ADDRARDADDR[10])
                                                     -0.566    10.323    u_core/u_evt_fifo/mem_reg_0
  -------------------------------------------------------------------
                         required time                         10.323    
                         arrival time                          -5.529    
  -------------------------------------------------------------------
                         slack                                  4.794    

Slack (MET) :             4.794ns  (required time - arrival time)
  Source:                 u_core/u_evt_fifo/rgray_reg[5]/C
                            (rising edge-triggered cell FDRE clocked by s_axi_aclk  {rise@0.000ns fall@5.000ns period=10.000ns})
  Destination:            u_core/u_evt_fifo/mem_reg_0/ADDRARDADDR[11]
                            (rising edge-triggered cell RAMB36E1 clocked by s_axi_aclk  {rise@0.000ns fall@5.000ns period=10.000ns})
  Path Group:             s_axi_aclk
  Path Type:              Setup (Max at Slow Process Corner)
  Requirement:            10.000ns  (s_axi_aclk rise@10.000ns - s_axi_aclk rise@0.000ns)
  Data Path Delay:        4.556ns  (logic 1.795ns (39.401%)  route 2.761ns (60.599%))
  Logic Levels:           4  (CARRY4=1 LUT3=1 LUT6=2)
  Clock Path Skew:        -0.049ns (DCD - SCD + CPR)
    Destination Clock Delay (DCD):    0.924ns = ( 10.924 - 10.000 ) 
    Source Clock Delay      (SCD):    0.973ns
    Clock Pessimism Removal (CPR):    0.000ns
  Clock Uncertainty:      0.035ns  ((TSJ^2 + TIJ^2)^1/2 + DJ) / 2 + PE
    Total System Jitter     (TSJ):    0.071ns
    Total Input Jitter      (TIJ):    0.000ns
    Discrete Jitter          (DJ):    0.000ns
    Phase Error              (PE):    0.000ns

    Location             Delay type                Incr(ns)  Path(ns)    Netlist Resource(s)
  -------------------------------------------------------------------    -------------------
                         (clock s_axi_aclk rise edge)
                                                      0.000     0.000 r  
                                                      0.000     0.000 r  s_axi_aclk (IN)
                         net (fo=459, unset)          0.973     0.973    u_core/u_evt_fifo/s_axi_aclk
                         FDRE                                         r  u_core/u_evt_fifo/rgray_reg[5]/C
  -------------------------------------------------------------------    -------------------
                         FDRE (Prop_fdre_C_Q)         0.496     1.469 r  u_core/u_evt_fifo/rgray_reg[5]/Q
                         net (fo=2, unplaced)         0.976     2.445    u_core/u_evt_fifo/rgray[5]
                         LUT6 (Prop_lut6_I0_O)        0.295     2.740 r  u_core/u_evt_fifo/rd_valid_carry_i_2/O
                         net (fo=1, unplaced)         0.000     2.740    u_core/u_evt_fifo/rd_valid_carry_i_2_n_0
                         CARRY4 (Prop_carry4_S[1]_CO[2])
                                                      0.570     3.310 f  u_core/u_evt_fifo/rd_valid_carry/CO[2]
                         net (fo=9, unplaced)         0.493     3.803    u_core/u_evt_fifo/evt_valid
                         LUT6 (Prop_lut6_I2_O)        0.310     4.113 r  u_core/u_evt_fifo/mem_reg_0_i_10/O
                         net (fo=10, unplaced)        0.492     4.605    u_core/u_evt_fifo/mem_reg_0_i_10_n_0
                         LUT3 (Prop_lut3_I2_O)        0.124     4.729 r  u_core/u_evt_fifo/mem_reg_0_i_4/O
                         net (fo=3, unplaced)         0.800     5.529    u_core/u_evt_fifo/mem_reg_0_i_4_n_0
                         RAMB36E1                                     r  u_core/u_evt_fifo/mem_reg_0/ADDRARDADDR[11]
  -------------------------------------------------------------------    -------------------

                         (clock s_axi_aclk rise edge)
                                                     10.000    10.000 r  
                                                      0.000    10.000 r  s_axi_aclk (IN)
                         net (fo=459, unset)          0.924    10.924    u_core/u_evt_fifo/s_axi_aclk
                         RAMB36E1                                     r  u_core/u_evt_fifo/mem_reg_0/CLKARDCLK
                         clock pessimism              0.000    10.924    
                         clock uncertainty           -0.035    10.889    
                         RAMB36E1 (Setup_ramb36e1_CLKARDCLK_ADDRARDADDR[11])
                                                     -0.566    10.323    u_core/u_evt_fifo/mem_reg_0
  -------------------------------------------------------------------
                         required time                         10.323    
                         arrival time                          -5.529    
  -------------------------------------------------------------------
                         slack                                  4.794    





Pulse Width Checks
--------------------------------------------------------------------------------------
Clock Name:         s_axi_aclk
Waveform(ns):       { 0.000 5.000 }
Period(ns):         10.000
Sources:            { s_axi_aclk }

Check Type        Corner  Lib Pin             Reference Pin  Required(ns)  Actual(ns)  Slack(ns)  Location  Pin
Min Period        n/a     RAMB36E1/CLKARDCLK  n/a            2.576         10.000      7.424                u_core/u_evt_fifo/mem_reg_0/CLKARDCLK
Min Period        n/a     RAMB36E1/CLKARDCLK  n/a            2.576         10.000      7.424                u_core/u_evt_fifo/mem_reg_1/CLKARDCLK
Min Period        n/a     FDRE/C              n/a            1.000         10.000      9.000                arready_reg/C
Low Pulse Width   Slow    FDRE/C              n/a            0.500         5.000       4.500                arready_reg/C
Low Pulse Width   Fast    FDRE/C              n/a            0.500         5.000       4.500                arready_reg/C
Low Pulse Width   Slow    FDRE/C              n/a            0.500         5.000       4.500                awaddr_q_reg[0]/C
High Pulse Width  Slow    FDRE/C              n/a            0.500         5.000       4.500                arready_reg/C
High Pulse Width  Fast    FDRE/C              n/a            0.500         5.000       4.500                arready_reg/C
High Pulse Width  Slow    FDRE/C              n/a            0.500         5.000       4.500                awaddr_q_reg[0]/C



